stm32f4xx_it.c:76:6:NMI_Handler	0	static
stm32f4xx_it.c:91:6:HardFault_Handler	0	static
stm32f4xx_it.c:106:6:MemManage_Handler	0	static
stm32f4xx_it.c:121:6:BusFault_Handler	0	static
stm32f4xx_it.c:136:6:UsageFault_Handler	0	static
stm32f4xx_it.c:151:6:SVC_Handler	0	static
stm32f4xx_it.c:164:6:DebugMon_Handler	0	static
stm32f4xx_it.c:177:6:PendSV_Handler	0	static
stm32f4xx_it.c:190:6:SysTick_Handler	0	static
stm32f4xx_it.c:211:6:DMA1_Stream5_IRQHandler	0	static
stm32f4xx_it.c:225:6:DMA1_Stream6_IRQHandler	0	static
stm32f4xx_it.c:239:6:ADC_IRQHandler	0	static
stm32f4xx_it.c:253:6:TIM2_IRQHandler	0	static
stm32f4xx_it.c:267:6:TIM4_IRQHandler	8	static
stm32f4xx_it.c:281:6:USART2_IRQHandler	0	static
stm32f4xx_it.c:295:6:DMA2_Stream0_IRQHandler	0	static
